
> hablas@1.2.0 build
> next build

 ⚠ Warning: Next.js inferred your workspace root, but it may not be correct.
 We detected multiple lockfiles and selected the directory of C:\Users\brand\Development\Project_Workspace\package-lock.json as the root directory.
 To silence this warning, set `outputFileTracingRoot` in your Next.js config, or consider removing one of the lockfiles if it's not needed.
   See https://nextjs.org/docs/app/api-reference/config/next-config-js/output#caveats for more information.
 Detected additional lockfiles: 
   * C:\Users\brand\Development\Project_Workspace\active-development\hablas\package-lock.json

   ▲ Next.js 15.5.6

   Creating an optimized production build ...
 ✓ Compiled successfully in 5.3s
   Linting and checking validity of types ...
   Collecting page data ...
   Generating static pages (0/63) ...
   Generating static pages (15/63) 
   Generating static pages (31/63) 
   Generating static pages (47/63) 
 ✓ Generating static pages (63/63)
   Finalizing page optimization ...
   Collecting build traces ...
   Exporting (0/2) ...
 ✓ Exporting (2/2)

Route (app)                                 Size  First Load JS
┌ ○ /                                    8.81 kB         115 kB
├ ○ /_not-found                            993 B         103 kB
└ ● /recursos/[id]                       45.6 kB         152 kB
    ├ /recursos/1
    ├ /recursos/2
    ├ /recursos/3
    └ [+56 more paths]
+ First Load JS shared by all             102 kB
  ├ chunks/255-bf988fbdd476da27.js       45.9 kB
  ├ chunks/4bd1b696-c023c6e3521b1417.js  54.2 kB
  └ other shared chunks (total)             2 kB


○  (Static)  prerendered as static content
●  (SSG)     prerendered as static HTML (uses generateStaticParams)

